                   
                   
                   
                   
  # # # # # # # #  
  # # # # # # # #  
  #     # #   # #  
  #     # #   # #  
        # #        
        # #        
        # #        
        # #        
    # # # # # #    
    # # # # # #    
                   
                   
No collision at X: 5 Y: 5
Collision decteted at X: 5 Y: 5

# # # # # # # # # #
# # # # # # # # # #
# # # # # # # # # #
# # # # # # # # # #
#                 #
#                 #
#   # #     #     #
#   # #     #     #
# # # #     # # # #
# # # #     # # # #
# # # #     # # # #
# # # #     # # # #
# #             # #
# #             # #
# # # # # # # # # #
# # # # # # # # # #
No collision at X: 5 Y: 5
No collision at X: 20 Y: 20
