# # # # #           # # # # #          
# # # # #           # # # # #          
# # # # #           # # # # #          
# # # # #           # # # # #          
# # # # #           # # # # #          
          # # # # #           # # # # #
          # # # # #           # # # # #
          # # # # #           # # # # #
          # # # # #           # # # # #
          # # # # #           # # # # #
No collision at X: 1 Y: 1
No collision at X: 6 Y: 1
Collision decteted at X: 1 Y: 1
No collision at X: 6 Y: 1
No collision at X: 1 Y: 6
No collision at X: 10 Y: 1
No collision at X: 25 Y: 25
