New drawing area:
X Start: 0
X End: 19
Y Start: 0
Y end: 19
_ _ _ _ _ _ _ _ _ _ _ _ _ _ _ _ _ _ _ _
_ _ _ _ _ _ _ _ # _ _ _ _ _ _ _ _ _ _ _
_ _ _ _ _ _ _ _ # _ _ _ _ _ _ _ _ _ _ _
_ _ _ _ _ _ # # 0 # # _ _ _ _ _ _ _ _ _
_ _ _ _ _ _ _ _ # _ _ _ _ _ _ _ _ _ _ _
_ _ _ _ _ _ _ _ # _ _ _ _ _ _ _ _ _ _ _
_ 0 _ _ _ 0 # # # # # 0 _ _ _ 0 _ _ _ _
_ _ 0 _ 0 _ # _ _ _ # _ 0 _ 0 _ _ _ _ _
_ _ _ 0 _ _ # _ _ _ # _ _ 0 _ _ _ _ _ _
_ _ 0 _ 0 _ # _ _ _ # _ 0 _ 0 _ _ _ _ _
_ 0 _ _ _ 0 # # # # # 0 _ _ _ 0 _ _ _ _
_ _ _ _ _ _ _ _ # _ _ _ _ _ _ _ _ _ _ _
_ _ _ _ _ _ _ _ # _ _ _ _ _ _ _ _ _ _ _
_ _ _ _ _ _ # # 0 # # _ _ _ _ _ _ _ _ _
_ _ _ _ _ _ _ _ # _ _ _ _ _ _ _ _ _ _ _
_ _ _ _ _ _ _ _ # _ _ _ _ _ _ _ _ _ _ _
_ _ _ _ _ _ _ _ _ _ _ _ _ _ _ _ _ _ _ _
_ _ _ _ _ _ _ _ _ _ _ _ _ _ _ _ _ _ _ _
_ _ _ _ _ _ _ _ _ _ _ _ _ _ _ _ _ _ _ _
_ _ _ _ _ _ _ _ _ _ _ _ _ _ _ _ _ _ _ _
New drawing area:
X Start: 1
X End: 19
Y Start: 1
Y end: 19
_ _ _ _ _ _ _ _ _ _ _ _ _ _ _ _ _ _ _ _
_ _ _ _ _ _ _ _ _ _ _ _ _ _ _ _ _ _ _ _
_ _ _ _ _ _ _ _ _ _ _ _ _ _ _ _ _ _ _ _
_ _ _ _ _ _ _ _ _ _ _ _ _ _ _ _ _ _ _ _
_ _ _ _ _ _ _ _ _ _ _ _ _ _ _ _ _ _ _ _
_ _ _ _ _ _ _ _ _ _ _ _ # _ _ _ _ _ _ _
_ _ _ _ _ _ _ _ _ _ _ _ # _ _ _ _ _ _ _
_ _ _ _ _ _ _ _ _ _ # # 0 # # _ _ _ _ _
_ _ _ _ _ _ _ _ _ _ _ _ # _ _ _ _ _ _ _
_ _ _ _ _ _ _ _ _ _ _ _ # _ _ _ _ _ _ _
_ _ _ _ _ 0 _ _ _ 0 # # # # # 0 _ _ _ 0
_ _ _ _ _ _ 0 _ 0 _ # _ _ _ # _ 0 _ 0 _
_ _ _ _ _ _ _ 0 _ _ # _ _ _ # _ _ 0 _ _
_ _ _ _ _ _ 0 _ 0 _ # _ _ _ # _ 0 _ 0 _
_ _ _ _ _ 0 _ _ _ 0 # # # # # 0 _ _ _ 0
_ _ _ _ _ _ _ _ _ _ _ _ # _ _ _ _ _ _ _
_ _ _ _ _ _ _ _ _ _ _ _ # _ _ _ _ _ _ _
_ _ _ _ _ _ _ _ _ _ # # 0 # # _ _ _ _ _
_ _ _ _ _ _ _ _ _ _ _ _ # _ _ _ _ _ _ _
_ _ _ _ _ _ _ _ _ _ _ _ # _ _ _ _ _ _ _
