New drawing area:
X Start: 0
X End: 8
Y Start: 0
Y end: 8
- - - - - - - - -
- 1 1 1 1 1 - - -
- 1 2 2 2 2 2 - -
- 1 2 3 3 3 3 3 -
- 1 2 3 4 4 4 4 4
- 1 2 3 4 4 4 4 4
- - 2 3 4 4 4 4 4
- - - 3 4 4 4 4 4
- - - - 4 4 4 4 4
New drawing area:
X Start: 0
X End: 8
Y Start: 0
Y end: 8
- - - - - - - - -
- 1 1 1 1 1 - - -
- 1 1 1 1 1 - - -
- 1 1 3 3 3 3 3 -
- 1 1 3 4 4 4 4 4
- 1 1 3 4 4 4 4 4
- - - 3 4 4 4 4 4
- - - 3 4 4 4 4 4
- - - - 4 4 4 4 4
New drawing area:
X Start: 0
X End: 8
Y Start: 0
Y end: 8
- - - - - - - - -
- - - - - - - - -
- - - - - - - - -
- - - 3 3 3 3 3 -
- - - 3 4 4 4 4 4
- - - 3 4 4 4 4 4
- - - 3 4 4 4 4 4
- - - 3 4 4 4 4 4
- - - - 4 4 4 4 4
New drawing area:
X Start: 0
X End: 8
Y Start: 0
Y end: 8
- - - - - - - - -
- - - - - - - - -
- - - - - - - - -
- - - 3 3 3 3 3 -
- - - 3 3 3 3 3 -
- - - 3 3 3 3 3 -
- - - 3 3 3 3 3 -
- - - 3 3 3 3 3 -
- - - - - - - - -
New drawing area:
X Start: 0
X End: 8
Y Start: 0
Y end: 8
- - - - - - - - -
- - - - - - - - -
- - - - - - - - -
- - - - - - - - -
- - - - - - - - -
- - - - - - - - -
- - - - - - - - -
- - - - - - - - -
- - - - - - - - -
Exception:Layer not in the list
