Value'First'Img => -2097152.0000
Value'Last'Img =>  2097151.9990
Value'Small'Img =>  9.76562500000000000E-04
Sqrt ( 0.0000) => -1.0000
Sqrt ( 1.0000) =>  1.0000
Sqrt ( 1.0000) =>  1.0000
Sqrt ( 2.0000) =>  1.4141
Sqrt ( 4.0000) =>  2.0000
Sqrt ( 25.0000) =>  5.0000
Sqrt ( 80.0000) =>  8.9434
Sqrt ( 81.0000) =>  9.0000
Sqrt ( 100.0000) =>  10.0000
Cos ( 0.0000) =>  1.0000
Cos ( 3.1406) => -1.0000
Cos ( 1.5703) =>  0.0000
Cos (-1.5703) =>  0.0000
Cos ( 1.0469) =>  0.4922
Cos ( 31.4063) =>  1.0000
Sin ( 0.0000) =>  0.0000
Sin ( 3.1406) =>  0.0000
Sin ( 1.5703) =>  1.0000
Sin (-1.5703) => -1.0000
Sin ( 0.5234) =>  0.4922
Sin ( 31.4063) =>  0.0000
To_Rad ( 0.0000) =>  0.0000
To_Rad ( 180.0000) =>  3.1406
To_Rad ( 360.0000) =>  6.2813
To_Degrees ( 0.0000) =>  0.0000
To_Degrees ( 3.1406) =>  180.0000
To_Degrees ( 6.2813) =>  360.0000
To_Degrees ( 31.4063) =>  1800.0000
Magnitude (Vect (0.0, 5.0)) => 5.0000
Magnitude (Vect (5.0, 0.0)) => 5.0000
Magnitude (Vect (5.0, 5.0)) => 7.0703
