New drawing area:
X Start: 0
X End: 15
Y Start: 0
Y Send: 15
_ _ _ _ _ _ _ _ _ _ _ _ _ _ _ _
_ _ _ # _ _ _ _ _ _ _ _ _ _ _ _
_ _ _ # _ _ _ _ _ _ _ _ _ _ _ _
_ # # # # # _ _ _ _ _ _ _ _ _ _
_ _ _ # _ _ _ _ _ _ _ _ 0 _ _ _
_ _ _ # _ _ _ _ _ _ _ _ 0 _ _ _
_ _ _ _ _ _ _ _ _ _ 0 0 0 0 0 _
_ _ _ _ _ _ _ _ _ _ _ _ 0 _ _ _
_ _ _ _ _ _ _ _ _ _ _ _ 0 _ _ _
_ _ _ _ _ _ _ _ _ _ _ _ _ _ _ _
_ _ _ _ _ _ _ _ _ _ _ _ _ _ _ _
_ _ _ _ _ _ _ _ _ _ _ _ _ _ _ _
_ _ _ _ _ _ _ _ _ _ _ _ _ _ _ _
_ _ _ _ _ _ _ _ _ _ _ _ _ _ _ _
_ _ _ _ _ _ _ _ _ _ _ _ _ _ _ _
_ _ _ _ _ _ _ _ _ _ _ _ _ _ _ _

New drawing area:
X Start: 6
X End: 15
Y Start: 4
Y Send: 11
New drawing area:
X Start: 1
X End: 9
Y Start: 1
Y Send: 9
_ _ _ _ _ _ _ _ _ _ _ _ _ _ _ _
_ _ _ _ _ _ _ _ _ _ _ _ _ _ _ _
_ _ _ _ _ _ _ _ _ _ _ _ _ _ _ _
_ _ _ _ _ _ _ _ _ _ _ _ _ _ _ _
_ _ _ _ _ _ # _ _ _ _ _ _ _ _ _
_ _ _ _ _ _ # _ _ _ _ _ _ _ _ _
_ _ _ _ # # # # 0 _ _ _ _ _ _ _
_ _ _ _ _ _ # _ 0 _ _ _ _ _ _ _
_ _ _ _ _ _ 0 0 0 0 0 _ _ _ _ _
_ _ _ _ _ _ _ _ 0 _ _ _ _ _ _ _
_ _ _ _ _ _ _ _ 0 _ _ _ _ _ _ _
_ _ _ _ _ _ _ _ _ _ _ _ _ _ _ _
_ _ _ _ _ _ _ _ _ _ _ _ _ _ _ _
_ _ _ _ _ _ _ _ _ _ _ _ _ _ _ _
_ _ _ _ _ _ _ _ _ _ _ _ _ _ _ _
_ _ _ _ _ _ _ _ _ _ _ _ _ _ _ _
