_ _ _ _ #
_ _ _ # _
_ _ # _ _
_ # _ _ _
# _ _ _ _

# _ _ _ _
_ # _ _ _
_ _ # _ _
_ _ _ # _
_ _ _ _ #

_ _ _ _ #
_ _ _ # _
_ _ # _ _
_ # _ _ _
# _ _ _ _

Animation done
