New drawing area:
X Start: 0
X End: 15
Y Start: 0
Y end: 15
_ _ _ _ _ _ _ _ _ _ _ _ _ _ _ _
_ _ _ # _ _ _ _ _ _ _ _ _ _ _ _
_ _ _ # _ _ _ _ _ _ _ _ _ _ _ _
_ # # # # # _ _ _ _ _ _ _ _ _ _
_ _ _ # _ _ _ _ _ _ 0 _ _ _ 0 _
_ _ _ # _ _ _ _ _ _ _ 0 _ 0 _ _
_ _ _ _ _ _ _ _ _ _ _ _ 0 _ _ _
_ _ _ _ _ _ _ _ _ _ _ 0 _ 0 _ _
_ _ _ _ _ _ _ _ _ _ 0 _ _ _ 0 _
_ _ _ _ _ _ _ _ _ _ _ _ _ _ _ _
_ _ _ _ _ _ _ _ _ _ _ _ _ _ _ _
_ _ _ _ _ _ _ _ _ _ _ _ _ _ _ _
_ _ _ _ _ _ _ _ _ _ _ _ _ _ _ _
_ _ _ _ _ _ _ _ _ _ _ _ _ _ _ _
_ _ _ _ _ _ _ _ _ _ _ _ _ _ _ _
_ _ _ _ _ _ _ _ _ _ _ _ _ _ _ _

New drawing area:
X Start: 6
X End: 15
Y Start: 4
Y end: 10
New drawing area:
X Start: 1
X End: 8
Y Start: 1
Y end: 8
_ _ _ _ _ _ _ _ _ _ _ _ _ _ _ _
_ _ _ _ _ _ _ _ _ _ _ _ _ _ _ _
_ _ _ _ _ _ _ _ _ _ _ _ _ _ _ _
_ _ _ _ _ _ _ _ _ _ _ _ _ _ _ _
_ _ _ _ _ _ # _ _ _ _ _ _ _ _ _
_ _ _ _ _ _ # _ _ _ _ _ _ _ _ _
_ _ _ _ # # 0 # # _ 0 _ _ _ _ _
_ _ _ _ _ _ # 0 _ 0 _ _ _ _ _ _
_ _ _ _ _ _ # _ 0 _ _ _ _ _ _ _
_ _ _ _ _ _ _ 0 _ 0 _ _ _ _ _ _
_ _ _ _ _ _ 0 _ _ _ 0 _ _ _ _ _
_ _ _ _ _ _ _ _ _ _ _ _ _ _ _ _
_ _ _ _ _ _ _ _ _ _ _ _ _ _ _ _
_ _ _ _ _ _ _ _ _ _ _ _ _ _ _ _
_ _ _ _ _ _ _ _ _ _ _ _ _ _ _ _
_ _ _ _ _ _ _ _ _ _ _ _ _ _ _ _
New drawing area:
X Start: 6
X End: 11
Y Start: 1
Y end: 11
New drawing area:
X Start: 1
X End: 9
Y Start: 1
Y end: 9
_ _ _ _ _ _ _ _ _ _ _ _ _ _ _ _
_ # _ _ _ _ _ # # # # # _ _ _ _
_ # _ _ _ _ _ _ _ _ _ # _ _ _ _
_ # _ _ _ _ _ _ _ _ _ # _ _ _ _
_ # _ _ _ _ _ _ _ _ _ # _ _ _ _
_ # # # # # _ _ _ _ _ # _ _ _ _
_ _ _ _ _ _ _ _ _ _ _ _ _ _ _ _
_ _ _ _ _ _ _ _ _ _ _ _ _ _ _ _
_ _ _ _ _ _ _ _ _ _ _ _ _ _ _ _
_ _ _ _ _ _ _ _ _ _ _ _ _ _ _ _
_ _ _ _ _ _ _ _ _ _ _ _ _ _ _ _
_ _ _ _ _ _ _ _ _ _ _ _ _ _ _ _
_ _ _ _ _ _ _ _ _ _ _ _ _ _ _ _
_ _ _ _ _ _ _ _ _ _ _ _ _ _ _ _
_ _ _ _ _ _ _ _ _ _ _ _ _ _ _ _
_ _ _ _ _ _ _ _ _ _ _ _ _ _ _ _
New drawing area:
X Start: 6
X End: 11
Y Start: 1
Y end: 11
New drawing area:
X Start: 1
X End: 9
Y Start: 1
Y end: 9
_ _ _ _ _ _ _ _ _ _ _ _ _ _ _ _
_ _ _ _ _ # _ _ _ _ _ # _ _ _ _
_ _ _ _ _ # _ _ _ _ _ # _ _ _ _
_ _ _ _ _ # _ _ _ _ _ # _ _ _ _
_ _ _ _ _ # _ _ _ _ _ # _ _ _ _
_ # # # # # _ # # # # # _ _ _ _
_ _ _ _ _ _ _ _ _ _ _ _ _ _ _ _
_ _ _ _ _ _ _ _ _ _ _ _ _ _ _ _
_ _ _ _ _ _ _ _ _ _ _ _ _ _ _ _
_ _ _ _ _ _ _ _ _ _ _ _ _ _ _ _
_ _ _ _ _ _ _ _ _ _ _ _ _ _ _ _
_ _ _ _ _ _ _ _ _ _ _ _ _ _ _ _
_ _ _ _ _ _ _ _ _ _ _ _ _ _ _ _
_ _ _ _ _ _ _ _ _ _ _ _ _ _ _ _
_ _ _ _ _ _ _ _ _ _ _ _ _ _ _ _
_ _ _ _ _ _ _ _ _ _ _ _ _ _ _ _
