New drawing area:
X Start: 0
X End: 44
Y Start: 0
Y end: 19
                                                                                         
                                                                                         
                                                                                         
                                                                                         
    #                                                           #                        
    #                                                           #                        
  # # # # # #             # # # #             # # #   #       # # # # # #                
    #                   #         #         #       # #         #                        
    #                 #           #         #                   #                        
    #                 # # # # # # #           # # # #           #                        
    #                 #                               #         #                        
    #         #         #         #         #         #         #         #              
      # # # #             # # # #           # # # # #             # # # #                
                                                                                         
                                                                                         
                                                                                         
                                                                                         
                                                                                         
                                                                                         
                                                                                         

New drawing area:
X Start: 0
X End: 40
Y Start: 0
Y end: 16
                                                                                         
                                                                                         
                                                                                         
                                                                                         
    #                                                           #                        
    #                                                           #                        
  # # # # # #             # # # #             # # #   #       # # # # # #                
    #                   #         #         #       # #         #                        
    #                 #           #         #                   #                        
    #                 # # # # # # #           # # # #           #                        
    #                 #                               #         #                        
    #         #         #         #         #         #         #         #              
      # # # #             # # # #           # # # # #             # # # #                
                                                                                         
                                                                                         
                                                                                         
                                                                                         
                                                                                         
                                                                                         
                                                                                         

New drawing area:
X Start: 0
X End: 40
Y Start: 0
Y end: 16
                    # # # # # # # # # #                                                  
                    # # # # # # # # # #                                                  
                    # # # # # # # # # #                                                  
                    # # # # # # # # # #                                                  
    #               # # # # # # # # # #                         #                        
    #               # # # # # # # # # #                         #                        
  # # # # # #       # # #         # # #       # # #   #       # # # # # #                
    #               # #   # # # #   # #     #       # #         #                        
    #               #   # # # # #   # #     #                   #                        
    #               #               # #       # # # #           #                        
    #               #   # # # # # # # #               #         #                        
    #         #     # #   # # # #   # #     #         #         #         #              
      # # # #       # # #         # # #     # # # # #             # # # #                
                    # # # # # # # # # #                                                  
                    # # # # # # # # # #                                                  
                    # # # # # # # # # #                                                  
                                                                                         
                                                                                         
                                                                                         
                                                                                         

New drawing area:
X Start: 0
X End: 40
Y Start: 0
Y end: 16
                    # # # # # # # # # #                                                  
                    # # # # # # # # # #                                                  
                    # # # # # # # # # #                                                  
                    # # # # # # # # # #                                                  
    #               # # # # # # # # # #       # # # #           #                        
    #               # # # # # # # # # #     #         #         #                        
  # # # # # #       # # #         # # #   #           #       # # # # # #                
    #               # #   # # # #   # #   #             #       #                        
    #               #   # # # # #   # #   #             #       #                        
    #               #               # #   #             #       #                        
    #               #   # # # # # # # #   #           #         #                        
    #         #     # #   # # # #   # #     #         #         #         #              
      # # # #       # # #         # # #       # # # #             # # # #                
                    # # # # # # # # # #                                                  
                    # # # # # # # # # #                                                  
                    # # # # # # # # # #                                                  
                                                                                         
                                                                                         
                                                                                         
                                                                                         

New drawing area:
X Start: 0
X End: 40
Y Start: 0
Y end: 16
                    # # # # # # # # # #                                                  
                    # # # # # # # # # #                                                  
                    # # # # # # # # # #                                                  
                    # # # # # # # # # #                                                  
    #               # # # # # # # # # #       # # # #           _                        
    #               # # # # # # # # # #     #         #         _                        
  # # # # # #       # # #         # # #   #           #       _ _ _ _ _ _                
    #               # #   # # # #   # #   #             #       _                        
    #               #   # # # # #   # #   #             #       _                        
    #               #               # #   #             #       _                        
    #               #   # # # # # # # #   #           #         _                        
    #         #     # #   # # # #   # #     #         #         _         _              
      # # # #       # # #         # # #       # # # #             _ _ _ _                
                    # # # # # # # # # #                                                  
                    # # # # # # # # # #                                                  
                    # # # # # # # # # #                                                  
                                                                                         
                                                                                         
                                                                                         
                                                                                         

New drawing area:
X Start: 0
X End: 40
Y Start: 0
Y end: 16
                    # # # # # # # # # #                                                  
                    # # # # # # # # # #                                                  
                    # # # # # # # # # #                                                  
                    # # # # # # # # # #                                                  
                    # # # # # # # # # #                                                  
                    # # # # # # # # # #                                                  
                    # # # # # # # # # #                                                  
                    # # # # # # # # # #                                                  
                    # # # # # # # # # #                                                  
                    # # # # # # # # # #                                                  
                    # # # # # # # # # #                                                  
                    # # # # # # # # # #                                                  
                    # # # # # # # # # #                                                  
                    # # # # # # # # # #                                                  
                    # # # # # # # # # #                                                  
                    # # # # # # # # # #                                                  
                                                                                         
                                                                                         
                                                                                         
                                                                                         

